<?xml version="1.0" encoding="utf-8"?><testsuites name="pytest tests"><testsuite name="pytest" errors="0" failures="0" skipped="0" tests="35" time="0.581" timestamp="2025-09-15T20:33:00.432137-04:00" hostname="PaulPC"><testcase classname="tests.test_paleae" name="test_importer_failure" time="0.002" /><testcase classname="tests.test_paleae" name="test_token_estimate" time="0.001" /><testcase classname="tests.test_paleae" name="test_is_text_file" time="0.015" /><testcase classname="tests.test_paleae" name="test_translate_globs_to_regex" time="0.001" /><testcase classname="tests.test_paleae" name="test_read_paleaeignore" time="0.016" /><testcase classname="tests.test_paleae" name="test_read_paleaeignore_not_found" time="0.002" /><testcase classname="tests.test_paleae" name="test_read_paleaeignore_permission_error" time="0.007" /><testcase classname="tests.test_paleae" name="test_compile_patterns" time="0.001" /><testcase classname="tests.test_paleae" name="test_compile_patterns_invalid_regex" time="0.001" /><testcase classname="tests.test_paleae" name="test_matches_any" time="0.001" /><testcase classname="tests.test_paleae" name="test_collect_files_default_skip" time="0.017" /><testcase classname="tests.test_paleae" name="test_collect_files_with_paleaeignore" time="0.013" /><testcase classname="tests.test_paleae" name="test_collect_files_with_cli_include_exclude" time="0.011" /><testcase classname="tests.test_paleae" name="test_collect_files_non_existent_dir" time="0.001" /><testcase classname="tests.test_paleae" name="test_collect_files_permission_error" time="0.007" /><testcase classname="tests.test_paleae" name="test_collect_files_value_error_on_relative_to" time="0.008" /><testcase classname="tests.test_paleae" name="test_build_snapshot" time="0.008" /><testcase classname="tests.test_paleae" name="test_build_snapshot_skips_empty_files" time="0.008" /><testcase classname="tests.test_paleae" name="test_build_snapshot_read_error" time="0.007" /><testcase classname="tests.test_paleae" name="test_write_output_json" time="0.003" /><testcase classname="tests.test_paleae" name="test_write_output_jsonl" time="0.003" /><testcase classname="tests.test_paleae" name="test_write_output_permission_error" time="0.002" /><testcase classname="tests.test_paleae" name="test_main_success" time="0.010" /><testcase classname="tests.test_paleae" name="test_main_about" time="0.002" /><testcase classname="tests.test_paleae" name="test_main_invalid_directory" time="0.001" /><testcase classname="tests.test_paleae" name="test_main_no_files_found" time="0.009" /><testcase classname="tests.test_paleae" name="test_main_paleae_error" time="0.002" /><testcase classname="tests.test_paleae" name="test_main_keyboard_interrupt" time="0.002" /><testcase classname="tests.test_paleae" name="test_main_unexpected_exception" time="0.002" /><testcase classname="tests.test_paleae" name="test_create_parser" time="0.001" /><testcase classname="tests.test_paleae" name="test_main_with_output_file" time="0.010" /><testcase classname="tests.test_paleae" name="test_main_profile_and_extra_patterns" time="0.010" /><testcase classname="tests.test_paleae" name="test_main_entrypoint" time="0.083" /><testcase classname="tests.test_paleae" name="test_main_runpy_about" time="0.005" /><testcase classname="tests.test_paleae" name="test_testfile_main_entry" time="0.006" /></testsuite></testsuites>